// Jest Snapshot v1, https://goo.gl/fbAQLP

exports[`<NavLinks /> Should match snapshot 1`] = `
.c0 {
  display: flex;
  flex-flow: row wrap;
}

.c1 {
  display: block;
  text-decoration: none;
  font-size: 1.6rem;
  padding: 1.6rem;
  color: black;
  position: relative;
  scale: 1;
  transition: scale 0.5s ease-in-out;
}

.c1::after {
  content: '';
  position: absolute;
  bottom: 0.75rem;
  left: 50%;
  width: 0%;
  height: 0.2rem;
  background-color: #dc143c;
  transition: all 0.5s ease-in-out;
}

.c1:hover::after {
  left: 25%;
  width: 50%;
}

.c1:hover {
  scale: 1.1;
}

@media (max-width: 768px) {
  .c0 {
    flex-flow: column wrap;
    align-content: center;
  }
}

@media (max-width: 768px) {
  .c1:hover::after {
    left: 20.5%;
    width: 50%;
  }
}

<nav
  class="c0"
>
  <a
    class="c1"
    href="#target1"
    target="_self"
  >
    Link 1
  </a>
  <a
    class="c1"
    href="#target1"
    target="_self"
  >
    Link 2
  </a>
  <a
    class="c1"
    href="#target1"
    target="_self"
  >
    Link 3
  </a>
  <a
    class="c1"
    href="#target1"
    target="_self"
  >
    Link 4
  </a>
  <a
    class="c1"
    href="#target1"
    target="_self"
  >
    Link 5
  </a>
  <a
    class="c1"
    href="#target1"
    target="_self"
  >
    Link 6
  </a>
  <a
    class="c1"
    href="#target1"
    target="_self"
  >
    Link 7
  </a>
  <a
    class="c1"
    href="#target1"
    target="_self"
  >
    Link 8
  </a>
  <a
    class="c1"
    href="#target1"
    target="_self"
  >
    Link 9
  </a>
  <a
    class="c1"
    href="#target1"
    target="_self"
  >
    Link 10
  </a>
</nav>
`;
